[    0.000000] Linux version 4.15.0-58-generic (buildd@lcy01-amd64-013) (gcc version 7.4.0 (Ubuntu 7.4.0-1ubuntu1~18.04.1)) #64-Ubuntu SMP Tue Aug 6 11:12:41 UTC 2019 (Ubuntu 4.15.0-58.64-generic 4.15.18)
[    0.000000] Command line: BOOT_IMAGE=/boot/vmlinuz-4.15.0-58-generic root=UUID=c96d8c50-ee80-4ac7-84c9-80244f1234dc ro console=tty1 console=ttyS0
[    0.000000] KERNEL supported cpus:
[    0.000000]   Intel GenuineIntel
[    0.000000]   AMD AuthenticAMD
[    0.000000]   Centaur CentaurHauls
[    0.000000] x86/fpu: Supporting XSAVE feature 0x001: 'x87 floating point registers'
[    0.000000] x86/fpu: Supporting XSAVE feature 0x002: 'SSE registers'
[    0.000000] x86/fpu: Supporting XSAVE feature 0x004: 'AVX registers'
[    0.000000] x86/fpu: xstate_offset[2]:  576, xstate_sizes[2]:  256
[    0.000000] x86/fpu: Enabled xstate features 0x7, context size is 832 bytes, using 'standard' format.
[    0.000000] e820: BIOS-provided physical RAM map:
[    0.000000] BIOS-e820: [mem 0x0000000000000000-0x000000000009fbff] usable
[    0.000000] BIOS-e820: [mem 0x000000000009fc00-0x000000000009ffff] reserved
[    0.000000] BIOS-e820: [mem 0x00000000000f0000-0x00000000000fffff] reserved
[    0.000000] BIOS-e820: [mem 0x0000000000100000-0x000000003ffeffff] usable
[    0.000000] BIOS-e820: [mem 0x000000003fff0000-0x000000003fffffff] ACPI data
[    0.000000] BIOS-e820: [mem 0x00000000fec00000-0x00000000fec00fff] reserved
[    0.000000] BIOS-e820: [mem 0x00000000fee00000-0x00000000fee00fff] reserved
[    0.000000] BIOS-e820: [mem 0x00000000fffc0000-0x00000000ffffffff] reserved
[    0.000000] NX (Execute Disable) protection: active
[    0.000000] SMBIOS 2.5 present.
[    0.000000] DMI: innotek GmbH VirtualBox/VirtualBox, BIOS VirtualBox 12/01/2006
[    0.000000] Hypervisor detected: KVM
[    0.000000] e820: last_pfn = 0x3fff0 max_arch_pfn = 0x400000000
[    0.000000] MTRR: Disabled
[    0.000000] x86/PAT: MTRRs disabled, skipping PAT initialization too.
[    0.000000] CPU MTRRs all blank - virtualized system.
[    0.000000] x86/PAT: Configuration [0-7]: WB  WT  UC- UC  WB  WT  UC- UC  
[    0.000000] found SMP MP-table at [mem 0x0009fff0-0x0009ffff] mapped at [        (ptrval)]
[    0.000000] Scanning 1 areas for low memory corruption
[    0.000000] RAMDISK: [mem 0x35985000-0x36cb9fff]
[    0.000000] ACPI: Early table checksum verification disabled
[    0.000000] ACPI: RSDP 0x00000000000E0000 000024 (v02 VBOX  )
[    0.000000] ACPI: XSDT 0x000000003FFF0030 00003C (v01 VBOX   VBOXXSDT 00000001 ASL  00000061)
[    0.000000] ACPI: FACP 0x000000003FFF00F0 0000F4 (v04 VBOX   VBOXFACP 00000001 ASL  00000061)
[    0.000000] ACPI: DSDT 0x000000003FFF0470 0022EA (v02 VBOX   VBOXBIOS 00000002 INTL 20100528)
[    0.000000] ACPI: FACS 0x000000003FFF0200 000040
[    0.000000] ACPI: FACS 0x000000003FFF0200 000040
[    0.000000] ACPI: APIC 0x000000003FFF0240 00005C (v02 VBOX   VBOXAPIC 00000001 ASL  00000061)
[    0.000000] ACPI: SSDT 0x000000003FFF02A0 0001CC (v01 VBOX   VBOXCPUT 00000002 INTL 20100528)
[    0.000000] No NUMA configuration found
[    0.000000] Faking a node at [mem 0x0000000000000000-0x000000003ffeffff]
[    0.000000] NODE_DATA(0) allocated [mem 0x3ffc5000-0x3ffeffff]
[    0.000000] kvm-clock: cpu 0, msr 0:3ff44001, primary cpu clock
[    0.000000] kvm-clock: Using msrs 4b564d01 and 4b564d00
[    0.000000] kvm-clock: using sched offset of 4451806827 cycles
[    0.000000] clocksource: kvm-clock: mask: 0xffffffffffffffff max_cycles: 0x1cd42e4dffb, max_idle_ns: 881590591483 ns
[    0.000000] Zone ranges:
[    0.000000]   DMA      [mem 0x0000000000001000-0x0000000000ffffff]
[    0.000000]   DMA32    [mem 0x0000000001000000-0x000000003ffeffff]
[    0.000000]   Normal   empty
[    0.000000]   Device   empty
[    0.000000] Movable zone start for each node
[    0.000000] Early memory node ranges
[    0.000000]   node   0: [mem 0x0000000000001000-0x000000000009efff]
[    0.000000]   node   0: [mem 0x0000000000100000-0x000000003ffeffff]
[    0.000000] Reserved but unavailable: 98 pages
[    0.000000] Initmem setup node 0 [mem 0x0000000000001000-0x000000003ffeffff]
[    0.000000] ACPI: PM-Timer IO Port: 0x4008
[    0.000000] IOAPIC[0]: apic_id 2, version 32, address 0xfec00000, GSI 0-23
[    0.000000] ACPI: INT_SRC_OVR (bus 0 bus_irq 0 global_irq 2 dfl dfl)
[    0.000000] ACPI: INT_SRC_OVR (bus 0 bus_irq 9 global_irq 9 low level)
[    0.000000] Using ACPI (MADT) for SMP configuration information
[    0.000000] smpboot: Allowing 2 CPUs, 0 hotplug CPUs
[    0.000000] PM: Registered nosave memory: [mem 0x00000000-0x00000fff]
[    0.000000] PM: Registered nosave memory: [mem 0x0009f000-0x0009ffff]
[    0.000000] PM: Registered nosave memory: [mem 0x000a0000-0x000effff]
[    0.000000] PM: Registered nosave memory: [mem 0x000f0000-0x000fffff]
[    0.000000] e820: [mem 0x40000000-0xfebfffff] available for PCI devices
[    0.000000] Booting paravirtualized kernel on KVM
[    0.000000] clocksource: refined-jiffies: mask: 0xffffffff max_cycles: 0xffffffff, max_idle_ns: 7645519600211568 ns
[    0.000000] random: get_random_bytes called from start_kernel+0x99/0x4fd with crng_init=0
[    0.000000] setup_percpu: NR_CPUS:8192 nr_cpumask_bits:2 nr_cpu_ids:2 nr_node_ids:1
[    0.000000] percpu: Embedded 46 pages/cpu @        (ptrval) s151552 r8192 d28672 u1048576
[    0.000000] PV qspinlock hash table entries: 256 (order: 0, 4096 bytes)
[    0.000000] Built 1 zonelists, mobility grouping on.  Total pages: 257913
[    0.000000] Policy zone: DMA32
[    0.000000] Kernel command line: BOOT_IMAGE=/boot/vmlinuz-4.15.0-58-generic root=UUID=c96d8c50-ee80-4ac7-84c9-80244f1234dc ro console=tty1 console=ttyS0
[    0.000000] Memory: 982928K/1048120K available (12300K kernel code, 2478K rwdata, 4280K rodata, 2424K init, 2384K bss, 65192K reserved, 0K cma-reserved)
[    0.000000] SLUB: HWalign=64, Order=0-3, MinObjects=0, CPUs=2, Nodes=1
[    0.000000] Kernel/User page tables isolation: enabled
[    0.000000] ftrace: allocating 39243 entries in 154 pages
[    0.004000] Hierarchical RCU implementation.
[    0.004000] 	RCU restricting CPUs from NR_CPUS=8192 to nr_cpu_ids=2.
[    0.004000] 	Tasks RCU enabled.
[    0.004000] RCU: Adjusting geometry for rcu_fanout_leaf=16, nr_cpu_ids=2
[    0.004000] NR_IRQS: 524544, nr_irqs: 440, preallocated irqs: 16
[    0.004000] Console: colour VGA+ 80x25
[    0.004000] console [tty1] enabled
[    0.004000] console [ttyS0] enabled
[    0.004000] ACPI: Core revision 20170831
[    0.004000] ACPI: 2 ACPI AML tables successfully acquired and loaded
[    0.004000] APIC: Switch to symmetric I/O mode setup
[    0.004000] x2apic enabled
[    0.004000] Switched APIC routing to physical x2apic.
[    0.005223] ..TIMER: vector=0x30 apic1=0 pin1=2 apic2=-1 pin2=-1
[    0.008003] tsc: Detected 2903.998 MHz processor
[    0.012012] Calibrating delay loop (skipped) preset value.. 5807.99 BogoMIPS (lpj=11615992)
[    0.014045] pid_max: default: 32768 minimum: 301
[    0.015219] Security Framework initialized
[    0.016003] Yama: becoming mindful.
[    0.016883] AppArmor: AppArmor initialized
[    0.019599] Dentry cache hash table entries: 131072 (order: 8, 1048576 bytes)
[    0.020066] Inode-cache hash table entries: 65536 (order: 7, 524288 bytes)
[    0.024024] Mount-cache hash table entries: 2048 (order: 2, 16384 bytes)
[    0.028016] Mountpoint-cache hash table entries: 2048 (order: 2, 16384 bytes)
[    0.030923] mce: CPU supports 0 MCE banks
[    0.032024] Last level iTLB entries: 4KB 64, 2MB 8, 4MB 8
[    0.033993] Last level dTLB entries: 4KB 64, 2MB 0, 4MB 0, 1GB 4
[    0.036008] Spectre V1 : Mitigation: usercopy/swapgs barriers and __user pointer sanitization
[    0.040006] Spectre V2 : Mitigation: Full generic retpoline
[    0.044005] Spectre V2 : Spectre v2 / SpectreRSB mitigation: Filling RSB on context switch
[    0.047340] Speculative Store Bypass: Vulnerable
[    0.048065] MDS: Mitigation: Clear CPU buffers
[    0.050461] Freeing SMP alternatives memory: 36K
[    0.056000] smpboot: CPU0: Intel(R) Core(TM) i5-6267U CPU @ 2.90GHz (family: 0x6, model: 0x4e, stepping: 0x3)
[    0.056000] Performance Events: unsupported p6 CPU model 78 no PMU driver, software events only.
[    0.056045] Hierarchical SRCU implementation.
[    0.057677] NMI watchdog: Perf event create on CPU 0 failed with -2
[    0.060002] NMI watchdog: Perf NMI watchdog permanently disabled
[    0.061410] smp: Bringing up secondary CPUs ...
[    0.062559] x86: Booting SMP configuration:
[    0.064004] .... node  #0, CPUs:      #1
[    0.004000] kvm-clock: cpu 1, msr 0:3ff44041, secondary cpu clock
[    0.004000] mce: CPU supports 0 MCE banks
[    0.071023] smp: Brought up 1 node, 2 CPUs
[    0.072006] smpboot: Max logical packages: 1
[    0.073003] smpboot: Total of 2 processors activated (11615.99 BogoMIPS)
[    0.074691] devtmpfs: initialized
[    0.076053] x86/mm: Memory block size: 128MB
[    0.077186] evm: security.selinux
[    0.077989] evm: security.SMACK64
[    0.078786] evm: security.SMACK64EXEC
[    0.080003] evm: security.SMACK64TRANSMUTE
[    0.080967] evm: security.SMACK64MMAP
[    0.081831] evm: security.apparmor
[    0.082715] evm: security.ima
[    0.084002] evm: security.capability
[    0.084888] clocksource: jiffies: mask: 0xffffffff max_cycles: 0xffffffff, max_idle_ns: 7645041785100000 ns
[    0.086213] futex hash table entries: 512 (order: 3, 32768 bytes)
[    0.088054] pinctrl core: initialized pinctrl subsystem
[    0.092077] RTC time:  1:53:52, date: 09/06/19
[    0.093258] NET: Registered protocol family 16
[    0.094361] audit: initializing netlink subsys (disabled)
[    0.096034] audit: type=2000 audit(1567734838.883:1): state=initialized audit_enabled=0 res=1
[    0.097991] cpuidle: using governor ladder
[    0.097991] cpuidle: using governor menu
[    0.100039] ACPI: bus type PCI registered
[    0.100982] acpiphp: ACPI Hot Plug PCI Controller Driver version: 0.5
[    0.102578] PCI: Using configuration type 1 for base access
[    0.105732] HugeTLB registered 2.00 MiB page size, pre-allocated 0 pages
[    0.108185] ACPI: Added _OSI(Module Device)
[    0.109605] ACPI: Added _OSI(Processor Device)
[    0.112004] ACPI: Added _OSI(3.0 _SCP Extensions)
[    0.113084] ACPI: Added _OSI(Processor Aggregator Device)
[    0.114403] ACPI: Added _OSI(Linux-Dell-Video)
[    0.116004] ACPI: Added _OSI(Linux-Lenovo-NV-HDMI-Audio)
[    0.117964] ACPI: Added _OSI(Linux-HPI-Hybrid-Graphics)
[    0.120491] ACPI: Executed 1 blocks of module-level executable AML code
[    0.126239] ACPI: Interpreter enabled
[    0.127470] ACPI: (supports S0 S5)
[    0.128003] ACPI: Using IOAPIC for interrupt routing
[    0.129367] PCI: Using host bridge windows from ACPI; if necessary, use "pci=nocrs" and report a bug
[    0.131830] ACPI: Enabled 2 GPEs in block 00 to 07
[    0.140062] ACPI: PCI Root Bridge [PCI0] (domain 0000 [bus 00-ff])
[    0.141961] acpi PNP0A03:00: _OSC: OS supports [ASPM ClockPM Segments MSI]
[    0.143994] acpi PNP0A03:00: _OSC: not requesting OS control; OS requires [ExtendedConfig ASPM ClockPM MSI]
[    0.144016] acpi PNP0A03:00: fail to add MMCONFIG information, can't access extended PCI configuration space under this bridge.
[    0.148464] PCI host bridge to bus 0000:00
[    0.149509] pci_bus 0000:00: root bus resource [io  0x0000-0x0cf7 window]
[    0.151086] pci_bus 0000:00: root bus resource [io  0x0d00-0xffff window]
[    0.152003] pci_bus 0000:00: root bus resource [mem 0x000a0000-0x000bffff window]
[    0.153727] pci_bus 0000:00: root bus resource [mem 0x40000000-0xfdffffff window]
[    0.156003] pci_bus 0000:00: root bus resource [bus 00-ff]
[    0.161284] pci 0000:00:01.1: legacy IDE quirk: reg 0x10: [io  0x01f0-0x01f7]
[    0.164000] pci 0000:00:01.1: legacy IDE quirk: reg 0x14: [io  0x03f6]
[    0.164004] pci 0000:00:01.1: legacy IDE quirk: reg 0x18: [io  0x0170-0x0177]
[    0.165602] pci 0000:00:01.1: legacy IDE quirk: reg 0x1c: [io  0x0376]
[    0.185574] pci 0000:00:07.0: quirk: [io  0x4000-0x403f] claimed by PIIX4 ACPI
[    0.187899] pci 0000:00:07.0: quirk: [io  0x4100-0x410f] claimed by PIIX4 SMB
[    0.200500] ACPI: PCI Interrupt Link [LNKA] (IRQs 5 9 10 *11)
[    0.202629] ACPI: PCI Interrupt Link [LNKB] (IRQs 5 9 *10 11)
[    0.204145] ACPI: PCI Interrupt Link [LNKC] (IRQs 5 *9 10 11)
[    0.205597] ACPI: PCI Interrupt Link [LNKD] (IRQs 5 9 10 *11)
[    0.207793] SCSI subsystem initialized
[    0.208048] pci 0000:00:02.0: vgaarb: setting as boot VGA device
[    0.209679] pci 0000:00:02.0: vgaarb: VGA device added: decodes=io+mem,owns=io+mem,locks=none
[    0.212014] pci 0000:00:02.0: vgaarb: bridge control possible
[    0.213322] vgaarb: loaded
[    0.214016] ACPI: bus type USB registered
[    0.215042] usbcore: registered new interface driver usbfs
[    0.216013] usbcore: registered new interface driver hub
[    0.217276] usbcore: registered new device driver usb
[    0.220056] EDAC MC: Ver: 3.0.0
[    0.221119] PCI: Using ACPI for IRQ routing
[    0.221414] NetLabel: Initializing
[    0.224004] NetLabel:  domain hash size = 128
[    0.225560] NetLabel:  protocols = UNLABELED CIPSOv4 CALIPSO
[    0.226877] NetLabel:  unlabeled traffic allowed by default
[    0.228100] clocksource: Switched to clocksource kvm-clock
[    0.243444] VFS: Disk quotas dquot_6.6.0
[    0.244741] VFS: Dquot-cache hash table entries: 512 (order 0, 4096 bytes)
[    0.246806] AppArmor: AppArmor Filesystem Enabled
[    0.247947] pnp: PnP ACPI init
[    0.250130] pnp: PnP ACPI: found 3 devices
[    0.260042] clocksource: acpi_pm: mask: 0xffffff max_cycles: 0xffffff, max_idle_ns: 2085701024 ns
[    0.262551] NET: Registered protocol family 2
[    0.265618] TCP established hash table entries: 8192 (order: 4, 65536 bytes)
[    0.267228] TCP bind hash table entries: 8192 (order: 5, 131072 bytes)
[    0.268913] TCP: Hash tables configured (established 8192 bind 8192)
[    0.270378] UDP hash table entries: 512 (order: 2, 16384 bytes)
[    0.272128] UDP-Lite hash table entries: 512 (order: 2, 16384 bytes)
[    0.273985] NET: Registered protocol family 1
[    0.275081] pci 0000:00:00.0: Limiting direct PCI/PCI transfers
[    0.276936] pci 0000:00:01.0: Activating ISA DMA hang workarounds
[    0.278389] pci 0000:00:02.0: Video device with shadowed ROM at [mem 0x000c0000-0x000dffff]
[    0.280446] Unpacking initramfs...
[    0.581827] Freeing initrd memory: 19668K
[    0.583442] clocksource: tsc: mask: 0xffffffffffffffff max_cycles: 0x29dc03c1beb, max_idle_ns: 440795205215 ns
[    0.585842] platform rtc_cmos: registered platform RTC device (no PNP device found)
[    0.587629] Scanning for low memory corruption every 60 seconds
[    0.589620] Initialise system trusted keyrings
[    0.590673] Key type blacklist registered
[    0.591682] workingset: timestamp_bits=36 max_order=18 bucket_order=0
[    0.594126] zbud: loaded
[    0.595748] squashfs: version 4.0 (2009/01/31) Phillip Lougher
[    0.597777] fuse init (API version 7.26)
[    0.603473] Key type asymmetric registered
[    0.604549] Asymmetric key parser 'x509' registered
[    0.605871] Block layer SCSI generic (bsg) driver version 0.4 loaded (major 246)
[    0.607605] io scheduler noop registered
[    0.608582] io scheduler deadline registered
[    0.609624] io scheduler cfq registered (default)
[    0.611602] ACPI: AC Adapter [AC] (off-line)
[    0.612696] input: Power Button as /devices/LNXSYSTM:00/LNXPWRBN:00/input/input0
[    0.614479] ACPI: Power Button [PWRF]
[    0.616151] input: Sleep Button as /devices/LNXSYSTM:00/LNXSLPBN:00/input/input1
[    0.617862] ACPI: Sleep Button [SLPF]
[    0.620248] Serial: 8250/16550 driver, 32 ports, IRQ sharing enabled
[    0.620284] ACPI: Battery Slot [BAT0] (battery present)
[    0.643975] 00:02: ttyS0 at I/O 0x3f8 (irq = 4, base_baud = 115200) is a 16550A
[    0.647662] Linux agpgart interface v0.103
[    0.650110] loop: module loaded
[    0.651832] scsi host0: ata_piix
[    0.653052] scsi host1: ata_piix
[    0.654209] ata1: PATA max UDMA/33 cmd 0x1f0 ctl 0x3f6 bmdma 0xd000 irq 14
[    0.656024] ata2: PATA max UDMA/33 cmd 0x170 ctl 0x376 bmdma 0xd008 irq 15
[    0.657712] libphy: Fixed MDIO Bus: probed
[    0.658757] tun: Universal TUN/TAP device driver, 1.6
[    0.659958] PPP generic driver version 2.4.2
[    0.661108] ehci_hcd: USB 2.0 'Enhanced' Host Controller (EHCI) Driver
[    0.662586] ehci-pci: EHCI PCI platform driver
[    0.663635] ehci-platform: EHCI generic platform driver
[    0.664890] ohci_hcd: USB 1.1 'Open' Host Controller (OHCI) Driver
[    0.666768] ohci-pci: OHCI PCI platform driver
[    0.668236] ohci-platform: OHCI generic platform driver
[    0.669867] uhci_hcd: USB Universal Host Controller Interface driver
[    0.671862] i8042: PNP: PS/2 Controller [PNP0303:PS2K,PNP0f03:PS2M] at 0x60,0x64 irq 1,12
[    0.674946] serio: i8042 KBD port at 0x60,0x64 irq 1
[    0.676546] serio: i8042 AUX port at 0x60,0x64 irq 12
[    0.678026] mousedev: PS/2 mouse device common for all mice
[    0.680031] input: AT Translated Set 2 keyboard as /devices/platform/i8042/serio0/input/input2
[    0.683023] rtc_cmos rtc_cmos: rtc core: registered rtc_cmos as rtc0
[    0.685039] rtc_cmos rtc_cmos: alarms up to one day, 114 bytes nvram
[    0.686493] i2c /dev entries driver
[    0.687375] device-mapper: uevent: version 1.0.3
[    0.688725] device-mapper: ioctl: 4.37.0-ioctl (2017-09-20) initialised: dm-devel@redhat.com
[    0.691049] ledtrig-cpu: registered to indicate activity on CPUs
[    0.692934] NET: Registered protocol family 10
[    0.697714] Segment Routing with IPv6
[    0.698955] NET: Registered protocol family 17
[    0.700113] Key type dns_resolver registered
[    0.701382] RAS: Correctable Errors collector initialized.
[    0.702663] sched_clock: Marking stable (701344222, 0)->(992357873, -291013651)
[    0.704747] registered taskstats version 1
[    0.705763] Loading compiled-in X.509 certificates
[    0.709249] Loaded X.509 cert 'Build time autogenerated kernel key: e343dd3e31c9820cf0adf0156bc2eecdcfc394af'
[    0.711653] zswap: loaded using pool lzo/zbud
[    0.717224] Key type big_key registered
[    0.718269] Key type trusted registered
[    0.720644] Key type encrypted registered
[    0.721602] AppArmor: AppArmor sha1 policy hashing enabled
[    0.722862] ima: No TPM chip found, activating TPM-bypass! (rc=-19)
[    0.724327] ima: Allocated hash algorithm: sha1
[    0.725562] evm: HMAC attrs: 0x1
[    0.726711]   Magic number: 3:909:861
[    0.727692] rtc_cmos rtc_cmos: setting system clock to 2019-09-06 01:53:53 UTC (1567734833)
[    0.729764] BIOS EDD facility v0.16 2004-Jun-25, 0 devices found
[    0.731124] EDD information not available.
[    0.819404] Freeing unused kernel image memory: 2424K
[    0.829409] Write protecting the kernel read-only data: 20480k
[    0.833834] Freeing unused kernel image memory: 2008K
[    0.836300] Freeing unused kernel image memory: 1864K
[    0.844195] x86/mm: Checked W+X mappings: passed, no W+X pages found.
[    0.846637] x86/mm: Checking user space page tables
[    0.853758] x86/mm: Checked W+X mappings: passed, no W+X pages found.
Loading, please wait...
starting version 237
[    0.915978] e1000: Intel(R) PRO/1000 Network Driver - version 7.3.21-k8-NAPI
[    0.918484] e1000: Copyright (c) 1999-2006 Intel Corporation.
[    0.923029] Fusion MPT base driver 3.04.20
[    0.924418] Copyright (c) 1999-2008 LSI Corporation
[    0.948703] AVX2 version of gcm_enc/dec engaged.
[    0.950192] AES CTR mode by8 optimization enabled
[    0.952688] Fusion MPT SPI Host driver 3.04.20
[    1.168046] input: ImExPS/2 Generic Explorer Mouse as /devices/platform/i8042/serio1/input/input4
[    1.418682] e1000 0000:00:03.0 eth0: (PCI:33MHz:32-bit) 02:f6:70:42:12:5d
[    1.420909] e1000 0000:00:03.0 eth0: Intel(R) PRO/1000 Network Connection
[    1.423305] mptbase: ioc0: Initiating bringup
[    1.565762] ioc0: LSI53C1030 A0: Capabilities={Initiator}
[    2.666431] scsi host2: ioc0: LSI53C1030 A0, FwRev=00000000h, Ports=1, MaxQ=256, IRQ=20
[    3.471098] scsi 2:0:0:0: Direct-Access     VBOX     HARDDISK         1.0  PQ: 0 ANSI: 5
[    3.515723] scsi target2:0:0: Beginning Domain Validation
[    3.519812] scsi target2:0:0: Domain Validation skipping write tests
[    3.521836] scsi target2:0:0: Ending Domain Validation
[    3.523451] scsi target2:0:0: asynchronous
[    3.525897] scsi 2:0:1:0: Direct-Access     VBOX     HARDDISK         1.0  PQ: 0 ANSI: 5
[    3.796118] scsi target2:0:1: Beginning Domain Validation
[    3.799134] random: fast init done
[    3.804725] scsi target2:0:1: Domain Validation skipping write tests
[    3.806723] scsi target2:0:1: Ending Domain Validation
[    3.808623] scsi target2:0:1: asynchronous
[    3.815248] random: systemd-udevd: uninitialized urandom read (16 bytes read)
[    3.817696] random: systemd-udevd: uninitialized urandom read (16 bytes read)
[    3.820011] random: systemd-udevd: uninitialized urandom read (16 bytes read)
[    3.822624] sd 2:0:0:0: Attached scsi generic sg0 type 0
[    3.824538] sd 2:0:1:0: Attached scsi generic sg1 type 0
[    3.826653] sd 2:0:0:0: [sda] 20971520 512-byte logical blocks: (10.7 GB/10.0 GiB)
[    3.829324] sd 2:0:0:0: [sda] Write Protect is off
[    3.831400] sd 2:0:0:0: [sda] Incomplete mode parameter data
[    3.833353] sd 2:0:0:0: [sda] Assuming drive cache: write through
[    3.839880] sd 2:0:1:0: [sdb] 20480 512-byte logical blocks: (10.5 MB/10.0 MiB)
[    3.842280] sd 2:0:1:0: [sdb] Write Protect is off
[    3.844283] sd 2:0:1:0: [sdb] Incomplete mode parameter data
[    3.846162] sd 2:0:1:0: [sdb] Assuming drive cache: write through
[    3.846197]  sda: sda1
[    3.849940] sd 2:0:0:0: [sda] Attached SCSI disk
[    3.856066] sd 2:0:1:0: [sdb] Attached SCSI disk
[    3.906589] e1000 0000:00:08.0 eth1: (PCI:33MHz:32-bit) 08:00:27:c0:bb:af
[    3.908704] e1000 0000:00:08.0 eth1: Intel(R) PRO/1000 Network Connection
[    3.911776] e1000 0000:00:08.0 enp0s8: renamed from eth1
[    3.928860] e1000 0000:00:03.0 enp0s3: renamed from eth0
Begin: Loading essential drivers ... [    5.484548] raid6: sse2x1   gen() 11521 MB/s
[    5.532078] raid6: sse2x1   xor()  6781 MB/s
[    5.580287] raid6: sse2x2   gen()  4785 MB/s
[    5.632069] raid6: sse2x2   xor()  4537 MB/s
[    5.680202] raid6: sse2x4   gen() 13669 MB/s
[    5.730624] raid6: sse2x4   xor()  9714 MB/s
[    5.784975] raid6: avx2x1   gen() 23744 MB/s
[    5.832181] raid6: avx2x1   xor() 14529 MB/s
[    5.882399] raid6: avx2x2   gen() 27653 MB/s
[    5.932310] raid6: avx2x2   xor() 16203 MB/s
[    5.981440] raid6: avx2x4   gen() 30519 MB/s
[    6.035650] raid6: avx2x4   xor() 21673 MB/s
[    6.037313] raid6: using algorithm avx2x4 gen() 30519 MB/s
[    6.039045] raid6: .... xor() 21673 MB/s, rmw enabled
[    6.040763] raid6: using avx2x2 recovery algorithm
[    6.043549] xor: automatically using best checksumming function   avx       
[    6.047349] async_tx: api initialized (async)
done.
Begin: Running /scripts/init-premount ... done.
Begin: Mounting root file system ... Begin: Running /scripts/local-top ... done.
Begin: Running /scripts/local-premount ... [    6.091785] Btrfs loaded, crc32c=crc32c-intel
Scanning for Btrfs filesystems
done.
Warning: fsck not present, so skipping root file system
[    6.162766] EXT4-fs (sda1): mounted filesystem with ordered data mode. Opts: (null)
done.
Begin: Running /scripts/local-bottom ... done.
Begin: Running /scripts/init-bottom ... done.
[    6.926055] ip_tables: (C) 2000-2006 Netfilter Core Team
[    6.990535] systemd[1]: systemd 237 running in system mode. (+PAM +AUDIT +SELINUX +IMA +APPARMOR +SMACK +SYSVINIT +UTMP +LIBCRYPTSETUP +GCRYPT +GNUTLS +ACL +XZ +LZ4 +SECCOMP +BLKID +ELFUTILS +KMOD -IDN2 +IDN -PCRE2 default-hierarchy=hybrid)
[    7.000663] systemd[1]: Detected virtualization oracle.
[    7.002557] systemd[1]: Detected architecture x86-64.

Welcome to [1mUbuntu 18.04.3 LTS[0m!

[    7.010716] systemd[1]: Set hostname to <ubuntu-bionic>.
[    7.805255] random: crng init done
[    7.807670] random: 7 urandom warning(s) missed due to ratelimiting
[    7.978853] systemd[1]: Created slice System Slice.
[[0;32m  OK  [0m] Created slice System Slice.
[    7.981987] systemd[1]: Created slice system-serial\x2dgetty.slice.
[[0;32m  OK  [0m] Created slice system-serial\x2dgetty.slice.
[    7.986035] systemd[1]: Listening on Journal Audit Socket.
[[0;32m  OK  [0m] Listening on Journal Audit Socket.
[    7.991400] systemd[1]: Reached target Swap.
[[0;32m  OK  [0m] Reached target Swap.
[    7.994027] systemd[1]: Set up automount Arbitrary Executable File Formats File System Automount Point.
[[0;32m  OK  [0m] Set up automount Arbitrary Executabâ€¦rmats File System Automount Point.
[    7.999989] systemd[1]: Listening on LVM2 poll daemon socket.
[[0;32m  OK  [0m] Listening on LVM2 poll daemon socket.
[[0;32m  OK  [0m] Listening on Device-mapper event daemon FIFOs.
[[0;32m  OK  [0m] Listening on Journal Socket.
         Starting Create list of required stâ€¦ce nodes for the current kernel...
         Starting Set the console keyboard layout...
         Mounting Kernel Debug File System...
[[0;32m  OK  [0m] Reached target User and Group Name Lookups.
[[0;32m  OK  [0m] Listening on /dev/initctl Compatibility Named Pipe.
         Starting Uncomplicated firewall...
         Starting Load Kernel Modules...
         Starting Remount Root and Kernel File Systems...
[[0;32m  OK  [0m] Reached target System Time Synchronized.
         Mounting POSIX Message Queue File System...
[[0;32m  OK  [0m] Listening on Syslog Socket.
[[0;32m  OK  [0m] Listening on LVM2 metadata daemon socket.
         Starting Monitoring of LVM2 mirrorsâ€¦ng dmeventd or progress polling...
[[0;32m  OK  [0m] Listening on Network Service Netlink Socket.
[[0;32m  OK  [0m] Started Forward Password Requests to Wall Directory Watch.
[[0;32m  OK  [0m] Listening on Journal Socket (/dev/log).
         Starting Journal Service...
[[0;32m  OK  [0m] Listening on udev Control Socket.
[[0;32m  OK  [0m] Created slice User and Session Slice.
[[0;32m  OK  [0m] Reached target Slices.
[[0;32m  OK  [0m] Listening on udev Kernel Socket.
[    8.086133] Loading iSCSI transport class v2.0-870.
         Starting udev Coldplug all Devices...
         Mounting Huge Pages File System...
[[0;32m  OK  [0m] Started Create list of required staâ€¦vice nodes for the current kernel.
[[0;32m  OK  [0m] Mounted Kernel Debug File System.
[[0;32m  OK  [0m] Started Uncomplicated firewall.
[[0;32m  OK  [0m] Mounted POSIX Message Queue File System.
         Starting Create Static Device Nodes in /dev...
[[0;32m  OK  [0m] Mounted Huge Pages File System.
[[0;32m  OK  [0m] Started udev Coldplug all Devices.
[[0;32m  OK  [0m] Started Journal Service.
[[0;32m  OK  [0m] Started Create Static Device Nodes in /dev.
[    8.236684] iscsi: registered transport (tcp)
[    8.272287] iscsi: registered transport (iser)
[    8.274598] EXT4-fs (sda1): re-mounted. Opts: (null)
[[0;32m  OK  [0m] Started Load Kernel Modules.
[[0;32m  OK  [0m] Started Remount Root and Kernel File Systems.
         Starting Load/Save Random Seed...
         Starting Flush Journal to Persistent Storage...
         Starting udev Kernel Device Manager...
         Mounting Kernel Configuration File System...
         Starting Apply Kernel Variables...
         Mounting FUSE Control File System...
[[0;32m  OK  [0m] Started Load/Save Random Seed.
[[0;32m  OK  [0m] Mounted Kernel Configuration File System.
[[0;32m  OK  [0m] Mounted FUSE Control File System.
[    8.340433] systemd-journald[403]: Received request to flush runtime journal from PID 1
[[0;32m  OK  [0m] Started LVM2 metadata daemon.
[[0;32m  OK  [0m] Started udev Kernel Device Manager.
[[0;32m  OK  [0m] Started Set the console keyboard layout.
[[0;32m  OK  [0m] Started Apply Kernel Variables.
[[0;32m  OK  [0m] Started Dispatch Password Requests to Console Directory Watch.
[[0;32m  OK  [0m] Reached target Local Encrypted Volumes.
[[0;32m  OK  [0m] Started Monitoring of LVM2 mirrors,â€¦sing dmeventd or progress polling.
[[0;32m  OK  [0m] Reached target Local File Systems (Pre).
[[0;32m  OK  [0m] Reached target Local File Systems.
         Starting Tell Plymouth To Write Out Runtime Data...
         Starting Set console font and keymap...
         Starting ebtables ruleset management...
         Starting AppArmor initialization...
[[0;32m  OK  [0m] Started Tell Plymouth To Write Out Runtime Data.
[[0;32m  OK  [0m] Started Set console font and keymap.
[[0;32m  OK  [0m] Found device /dev/ttyS0.
[[0;32m  OK  [0m] Started Flush Journal to Persistent Storage.
         Starting Create Volatile Files and Directories...
[[0;32m  OK  [0m] Started Create Volatile Files and Directories.
         Starting Update UTMP about System Boot/Shutdown...
[[0;32m  OK  [0m] Listening on Load/Save RF Kill Switch Status /dev/rfkill Watch.
[[0;32m  OK  [0m] Started Update UTMP about System Boot/Shutdown.
[[0;32m  OK  [0m] Started ebtables ruleset management.
[[0;32m  OK  [0m] Started AppArmor initialization.
         Starting Initial cloud-init job (pre-networking)...
[   11.802393] cloud-init[586]: Cloud-init v. 19.1-1-gbaa47854-0ubuntu1~18.04.1 running 'init-local' at Fri, 06 Sep 2019 01:54:04 +0000. Up 11.56 seconds.
[[0;32m  OK  [0m] Started Initial cloud-init job (pre-networking).
[[0;32m  OK  [0m] Reached target Network (Pre).
         Starting Network Service...
[[0;32m  OK  [0m] Started Network Service.
         Starting Wait for Network to be Configured...
         Starting Network Name Resolution...
[[0;32m  OK  [0m] Started Network Name Resolution.
[[0;32m  OK  [0m] Reached target Network.
[[0;32m  OK  [0m] Reached target Host and Network Name Lookups.
[[0;32m  OK  [0m] Started Wait for Network to be Configured.
         Starting Initial cloud-init job (metadata service crawler)...
[   14.060026] cloud-init[708]: Cloud-init v. 19.1-1-gbaa47854-0ubuntu1~18.04.1 running 'init' at Fri, 06 Sep 2019 01:54:06 +0000. Up 13.90 seconds.
[   14.063205] cloud-init[708]: ci-info: ++++++++++++++++++++++++++++++++++++++Net device info+++++++++++++++++++++++++++++++++++++++
[   14.065950] cloud-init[708]: ci-info: +--------+------+-----------------------------+---------------+--------+-------------------+
[   14.067997] cloud-init[708]: ci-info: | Device |  Up  |           Address           |      Mask     | Scope  |     Hw-Address    |
[   14.071041] cloud-init[708]: ci-info: +--------+------+-----------------------------+---------------+--------+-------------------+
[   14.080542] cloud-init[708]: ci-info: | enp0s3 | True |          10.0.2.15          | 255.255.255.0 | global | 02:f6:70:42:12:5d |
[   14.084282] cloud-init[708]: ci-info: | enp0s3 | True |  fe80::f6:70ff:fe42:125d/64 |       .       |  link  | 02:f6:70:42:12:5d |
[   14.101337] cloud-init[708]: ci-info: | enp0s8 | True |        192.168.33.10        | 255.255.255.0 | global | 08:00:27:c0:bb:af |
[   14.106637] cloud-init[708]: ci-info: | enp0s8 | True | fe80::a00:27ff:fec0:bbaf/64 |       .       |  link  | 08:00:27:c0:bb:af |
[   14.108510] cloud-init[708]: ci-info: |   lo   | True |          127.0.0.1          |   255.0.0.0   |  host  |         .         |
[   14.110253] cloud-init[708]: ci-info: |   lo   | True |           ::1/128           |       .       |  host  |         .         |
[   14.111742] cloud-init[708]: ci-info: +--------+------+-----------------------------+---------------+--------+-------------------+
[   14.113847] cloud-init[708]: ci-info: +++++++++++++++++++++++++++++Route IPv4 info+++++++++++++++++++++++++++++
[   14.115785] cloud-init[708]: ci-info: +-------+--------------+----------+-----------------+-----------+-------+
[   14.120234] cloud-init[708]: ci-info: | Route | Destination  | Gateway  |     Genmask     | Interface | Flags |
[   14.122044] cloud-init[708]: ci-info: +-------+--------------+----------+-----------------+-----------+-------+
[   14.123373] cloud-init[708]: ci-info: |   0   |   0.0.0.0    | 10.0.2.2 |     0.0.0.0     |   enp0s3  |   UG  |
[   14.125263] cloud-init[708]: ci-info: |   1   |   10.0.2.0   | 0.0.0.0  |  255.255.255.0  |   enp0s3  |   U   |
[   14.126556] cloud-init[708]: ci-info: |   2   |   10.0.2.2   | 0.0.0.0  | 255.255.255.255 |   enp0s3  |   UH  |
[   14.128662] cloud-init[708]: ci-info: |   3   | 192.168.33.0 | 0.0.0.0  |  255.255.255.0  |   enp0s8  |   U   |
[   14.130221] cloud-init[708]: ci-info: +-------+--------------+----------+-----------------+-----------+-------+
[   14.132001] cloud-init[708]: ci-info: +++++++++++++++++++Route IPv6 info+++++++++++++++++++
[   14.134049] cloud-init[708]: ci-info: +-------+-------------+---------+-----------+-------+
[   14.136024] cloud-init[708]: ci-info: | Route | Destination | Gateway | Interface | Flags |
[   14.138013] cloud-init[708]: ci-info: +-------+-------------+---------+-----------+-------+
[   14.139958] cloud-init[708]: ci-info: |   1   |  fe80::/64  |    ::   |   enp0s8  |   U   |
[   14.141953] cloud-init[708]: ci-info: |   2   |  fe80::/64  |    ::   |   enp0s3  |   U   |
[   14.143774] cloud-init[708]: ci-info: |   4   |    local    |    ::   |   enp0s3  |   U   |
[   14.145815] cloud-init[708]: ci-info: |   5   |    local    |    ::   |   enp0s8  |   U   |
[   14.147769] cloud-init[708]: ci-info: |   6   |   ff00::/8  |    ::   |   enp0s8  |   U   |
[   14.149739] cloud-init[708]: ci-info: |   7   |   ff00::/8  |    ::   |   enp0s3  |   U   |
[   14.151689] cloud-init[708]: ci-info: +-------+-------------+---------+-----------+-------+
[[0;32m  OK  [0m] Started Initial cloud-init job (metadata service crawler).
[[0;32m  OK  [0m] Reached target Cloud-config availability.
[[0;32m  OK  [0m] Reached target System Initialization.
[[0;32m  OK  [0m] Started Daily apt download activities.
[[0;32m  OK  [0m] Listening on Open-iSCSI iscsid Socket.
[[0;32m  OK  [0m] Listening on ACPID Listen Socket.
[[0;32m  OK  [0m] Started Daily Cleanup of Temporary Directories.
[[0;32m  OK  [0m] Started Discard unused blocks once a week.
[[0;32m  OK  [0m] Listening on UUID daemon activation socket.
[[0;32m  OK  [0m] Started Daily apt upgrade and clean activities.
[[0;32m  OK  [0m] Listening on D-Bus System Message Bus Socket.
[[0;32m  OK  [0m] Started ACPI Events Check.
         Starting Socket activation for snappy daemon.
[[0;32m  OK  [0m] Started Message of the Day.
[[0;32m  OK  [0m] Reached target Timers.
         Starting LXD - unix socket.
[[0;32m  OK  [0m] Reached target Paths.
[[0;32m  OK  [0m] Reached target Network is Online.
         Starting Availability of block devices...
[[0;32m  OK  [0m] Reached target Remote File Systems (Pre).
[[0;32m  OK  [0m] Reached target Remote File Systems.
[[0;32m  OK  [0m] Listening on Socket activation for snappy daemon.
[[0;32m  OK  [0m] Listening on LXD - unix socket.
[[0;32m  OK  [0m] Reached target Sockets.
[[0;32m  OK  [0m] Reached target Basic System.
         Starting vboxadd.service...
[[0;32m  OK  [0m] Started Regular background program processing daemon.
[[0;32m  OK  [0m] Started FUSE filesystem for LXC.
[[0;32m  OK  [0m] Started irqbalance daemon.
         Starting Login Service...
[[0;32m  OK  [0m] Started Deferred execution scheduler.
         Starting OpenBSD Secure Shell server...
         Starting Snappy daemon...
         Starting Accounts Service...
         Starting Permit User Sessions...
[[0;32m  OK  [0m] Started D-Bus System Message Bus.
[[0;32m  OK  [0m] Started Login Service.
[[0;32m  OK  [0m] Started Unattended Upgrades Shutdown.
         Starting LSB: Record successful boot for GRUB...
         Starting Dispatcher daemon for systemd-networkd...
         Starting System Logging Service...
         Starting LSB: automatic crash report generation...
         Starting LXD - container startup/shutdown...
[[0;32m  OK  [0m] Started Availability of block devices.
[[0;32m  OK  [0m] Started Permit User Sessions.
[[0;32m  OK  [0m] Started OpenBSD Secure Shell server.
[[0;32m  OK  [0m] Started System Logging Service.
         Starting Authorization Manager...
         Starting Terminate Plymouth Boot Screen...
         Starting Hold until boot process finishes up...
[[0;32m  OK  [0m] Started Terminate Plymouth Boot Screen.
[[0;32m  OK  [0m] Started Hold until boot process finishes up.
         Starting Set console scheme...
[[0;32m  OK  [0m] Started Serial Getty on ttyS0.
[[0;32m  OK  [0m] Started Set console scheme.
[[0;32m  OK  [0m] Created slice system-getty.slice.
[[0;32m  OK  [0m] Started Getty on tty1.
[[0;32m  OK  [0m] Reached target Login Prompts.
[[0;32m  OK  [0m] Started Authorization Manager.
[[0;32m  OK  [0m] Started Accounts Service.
[[0;32m  OK  [0m] Started LSB: Record successful boot for GRUB.
[[0;32m  OK  [0m] Started Snappy daemon.
         Starting Wait until snapd is fully seeded...
[[0;32m  OK  [0m] Started LSB: automatic crash report generation.
[[0;32m  OK  [0m] Started LXD - container startup/shutdown.
[[0;32m  OK  [0m] Started Wait until snapd is fully seeded.
         Starting Apply the settings specified in cloud-config...
[[0;32m  OK  [0m] Started Dispatcher daemon for systemd-networkd.
[   16.538822] cloud-init[1048]: Cloud-init v. 19.1-1-gbaa47854-0ubuntu1~18.04.1 running 'modules:config' at Fri, 06 Sep 2019 01:54:09 +0000. Up 16.31 seconds.
[[0;32m  OK  [0m] Started Apply the settings specified in cloud-config.
[[0;32m  OK  [0m] Started vboxadd.service.
         Starting vboxadd-service.service...
[[0;32m  OK  [0m] Started vboxadd-service.service.
[[0;32m  OK  [0m] Reached target Multi-User System.
         Starting Execute cloud user/final scripts...
[[0;32m  OK  [0m] Reached target Graphical Interface.
         Starting Update UTMP about System Runlevel Changes...
[[0;32m  OK  [0m] Started Update UTMP about System Runlevel Changes.
[   18.177201] cloud-init[1191]: Cloud-init v. 19.1-1-gbaa47854-0ubuntu1~18.04.1 running 'modules:final' at Fri, 06 Sep 2019 01:54:10 +0000. Up 18.07 seconds.
[   18.183170] cloud-init[1191]: Cloud-init v. 19.1-1-gbaa47854-0ubuntu1~18.04.1 finished at Fri, 06 Sep 2019 01:54:10 +0000. Datasource DataSourceNoCloud [seed=/dev/sdb][dsmode=net].  Up 18.17 seconds
[[0;32m  OK  [0m] Started Execute cloud user/final scripts.
[[0;32m  OK  [0m] Reached target Cloud-init target.

Ubuntu 18.04.3 LTS ubuntu-bionic ttyS0

ubuntu-bionic login:          Stopping Session 3 of user vagrant.
         Stopping Availability of block devices...
[[0;32m  OK  [0m] Closed Load/Save RF Kill Switch Status /dev/rfkill Watch.
[[0;32m  OK  [0m] Stopped target Host and Network Name Lookups.
         Stopping User Manager for UID 1000...
         Stopping Session 14 of user vagrant.
[[0;32m  OK  [0m] Stopped target Graphical Interface.
         Stopping Authorization Manager...
[[0;32m  OK  [0m] Stopped target Timers.
[[0;32m  OK  [0m] Stopped Daily Cleanup of Temporary Directories.
[[0;32m  OK  [0m] Stopped Discard unused blocks once a week.
[[0;32m  OK  [0m] Stopped Message of the Day.
[[0;32m  OK  [0m] Stopped Daily apt upgrade and clean activities.
[[0;32m  OK  [0m] Stopped Daily apt download activities.
[[0;32m  OK  [0m] Stopped target System Time Synchronized.
[[0;32m  OK  [0m] Stopped target Cloud-init target.
[[0;32m  OK  [0m] Stopped Execute cloud user/final scripts.
[[0;32m  OK  [0m] Stopped Apply the settings specified in cloud-config.
[[0;32m  OK  [0m] Stopped target Cloud-config availability.
[[0;32m  OK  [0m] Stopped target Network is Online.
         Stopping Accounts Service...
[[0;32m  OK  [0m] Stopped target Multi-User System.
         Stopping Deferred execution scheduler...
         Stopping Dispatcher daemon for systemd-networkd...
         Stopping OpenBSD Secure Shell server...
         Stopping System Logging Service...
         Stopping vboxadd-service.service...
         Stopping Unattended Upgrades Shutdown...
         Stopping LXD - container startup/shutdown...
         Stopping D-Bus System Message Bus...
         Stopping FUSE filesystem for LXC...
[[0;32m  OK  [0m] Stopped target Login Prompts.
         Stopping Getty on tty1...
         Stopping Serial Getty o[[0;32m  OK  [0m] Stopped Wait until snapd is fully seeded.
         Stopping irqbalance daemon...
         Stopping LSB: Record successful boot for GRUB...
         Stopping LSB: automatic crash report generation...
         Stopping Regular background program processing daemon...
[[0;32m  OK  [0m] Unmounted /var/lib/lxcfs.
[[0;32m  OK  [0m] Stopped Regular background program processing daemon.
[[0;32m  OK  [0m] Stopped irqbalance daemon.
[[0;32m  OK  [0m] Stopped Deferred execution scheduler.
[[0;32m  OK  [0m] Stopped Accounts Service.
[[0;32m  OK  [0m] Stopped Dispatcher daemon for systemd-networkd.
[[0;32m  OK  [0m] Stopped System Logging Service.
[[0;32m  OK  [0m] Stopped OpenBSD Secure Shell server.
[[0;32m  OK  [0m] Stopped Authorization Manager.
[[0;32m  OK  [0m] Stopped Serial Getty on ttyS0.
[[0;32m  OK  [0m] Stopped Getty on tty1.
[[0;32m  OK  [0m] Stopped User Manager for UID 1000.
[[0;32m  OK  [0m] Stopped D-Bus System Message Bus.
[[0;32m  OK  [0m] Stopped Session 14 of user vagrant.
[[0;32m  OK  [0m] Stopped Unattended Upgrades Shutdown.
[[0;32m  OK  [0m] Stopped FUSE filesystem for LXC.
[[0;32m  OK  [0m] Removed slice system-getty.slice.
[[0;32m  OK  [0m] Removed slice system-serial\x2dgetty.slice.
[[0;32m  OK  [0m] Stopped LXD - container startup/shutdown.
[[0;32m  OK  [0m] Stopped LSB: Record successful boot for GRUB.
[[0;32m  OK  [0m] Stopped Availability of block devices.
[[0;32m  OK  [0m] Stopped LSB: automatic crash report generation.
[[0;32m  OK  [0m] Stopped vboxadd-service.service.
         Stopping vboxadd.service...
[[0;32m  OK  [0m] Stopped Session 3 of user vagrant.
[[0;32m  OK  [0m] Removed slice User Slice of vagrant.
         Stopping Login Service...
         Stopping Permit User Sessions...
[[0;32m  OK  [0m] Stopped Permit User Sessions.
[[0;32m  OK  [0m] Stopped target Remote File Systems.
[[0;32m  OK  [0m] Stopped target Remote File Systems (Pre).
[[0;32m  OK  [0m] Stopped target Network.
         Stopping Network Name Resolution...
[[0;32m  OK  [0m] Stopped Network Name Resolution.
         Stopping Network Service...
[[0;32m  OK  [0m] Stopped Login Service.
[[0;32m  OK  [0m] Stopped Network Service.
[[0;32m  OK  [0m] Stopped target Network (Pre).
[[0;32m  OK  [0m] Stopped target User and Group Name Lookups.
[[0;32m  OK  [0m] Unmounted /vagrant.
[[0;32m  OK  [0m] Stopped vboxadd.service.
[[0;32m  OK  [0m] Stopped target Basic System.
[[0;32m  OK  [0m] Stopped target Sockets.
[[0;32m  OK  [0m] Closed Open-iSCSI iscsid Socket.
[[0;32m  OK  [0m] Closed D-Bus System Message Bus Socket.
[[0;32m  OK  [0m] Closed ACPID Listen Socket.
[[0;32m  OK  [0m] Closed Socket activation for snappy daemon.
[[0;32m  OK  [0m] Closed Syslog Socket.
[[0;32m  OK  [0m] Closed LXD - unix socket.
[[0;32m  OK  [0m] Closed UUID daemon activation socket.
[[0;32m  OK  [0m] Stopped target Paths.
[[0;32m  OK  [0m] Stopped ACPI Events Check.
[[0;32m  OK  [0m] Stopped target System Initialization.
         Stopping Update UTMP about System Boot/Shutdown...
[[0;32m  OK  [0m] Stopped Initial cloud-init job (metadata service crawler).
[[0;32m  OK  [0m] Stopped target Local Encrypted Volumes.
[[0;32m  OK  [0m] Stopped Forward Password Requests to Wall Directory Watch.
[[0;32m  OK  [0m] Stopped Dispatch Password Requests to Console Directory Watch.
         Stopping Load/Save Random Seed...
[[0;32m  OK  [0m] Stopped Apply Kernel Variables.
[[0;32m  OK  [0m] Stopped Load Kernel Modules.
[[0;32m  OK  [0m] Stopped Initial cloud-init job (pre-networking).
[[0;32m  OK  [0m] Stopped target Slices.
[[0;32m  OK  [0m] Removed slice User and Session Slice.
[[0;32m  OK  [0m] Stopped Load/Save Random Seed.
[[0;32m  OK  [0m] Stopped Update UTMP about System Boot/Shutdown.
[[0;32m  OK  [0m] Stopped Create Volatile Files and Directories.
[[0;32m  OK  [0m] Stopped target Local File Systems.
         Unmounting /run/user/1000...
[[0;32m  OK  [0m] Unmounted /run/user/1000.
[[0;32m  OK  [0m] Reached target Unmount All Filesystems.
[[0;32m  OK  [0m] Stopped target Swap.
[[0;32m  OK  [0m] Stopped target Local File Systems (Pre).
[[0;32m  OK  [0m] Stopped Remount Root and Kernel File Systems.
[[0;32m  OK  [0m] Stopped Create Static Device Nodes in /dev.
[[0;32m  OK  [0m] Reached target Shutdown.
[[0;32m  OK  [0m] Reached target Final Step.
         Starting Power-Off...
         Stopping Monitoring of LVM2 mirrorsâ€¦ng dmeventd or progress polling...
[25521.068023] reboot: Power down
